------------------------------------------------------------
TimeQuest Timing Analyzer Summary
------------------------------------------------------------

Type  : Slow 1200mV 85C Model Setup 'CLOCK_50'
Slack : -2.329
TNS   : -34.456

Type  : Slow 1200mV 85C Model Hold 'CLOCK_50'
Slack : -0.169
TNS   : -0.169

Type  : Slow 1200mV 85C Model Minimum Pulse Width 'CLOCK_50'
Slack : -3.000
TNS   : -36.410

Type  : Slow 1200mV 85C Model Minimum Pulse Width 'clk[25]'
Slack : -1.285
TNS   : -8.995

Type  : Slow 1200mV 0C Model Setup 'CLOCK_50'
Slack : -1.957
TNS   : -28.174

Type  : Slow 1200mV 0C Model Hold 'CLOCK_50'
Slack : -0.078
TNS   : -0.078

Type  : Slow 1200mV 0C Model Minimum Pulse Width 'CLOCK_50'
Slack : -3.000
TNS   : -36.410

Type  : Slow 1200mV 0C Model Minimum Pulse Width 'clk[25]'
Slack : -1.285
TNS   : -8.995

Type  : Fast 1200mV 0C Model Setup 'CLOCK_50'
Slack : -0.658
TNS   : -4.686

Type  : Fast 1200mV 0C Model Hold 'CLOCK_50'
Slack : -0.257
TNS   : -0.257

Type  : Fast 1200mV 0C Model Minimum Pulse Width 'CLOCK_50'
Slack : -3.000
TNS   : -30.832

Type  : Fast 1200mV 0C Model Minimum Pulse Width 'clk[25]'
Slack : -1.000
TNS   : -7.000

------------------------------------------------------------
