------------------------------------------------------------
TimeQuest Timing Analyzer Summary
------------------------------------------------------------

Type  : Slow 1200mV 85C Model Setup 'debouncer:dbk3|PB_state'
Slack : -9.148
TNS   : -128.704

Type  : Slow 1200mV 85C Model Setup 'CLOCK_50'
Slack : -2.054
TNS   : -61.378

Type  : Slow 1200mV 85C Model Setup 'fsm:clockGenerator|f3'
Slack : -0.378
TNS   : -0.524

Type  : Slow 1200mV 85C Model Hold 'fsm:clockGenerator|f3'
Slack : -1.304
TNS   : -7.430

Type  : Slow 1200mV 85C Model Hold 'debouncer:dbk3|PB_state'
Slack : -1.210
TNS   : -6.796

Type  : Slow 1200mV 85C Model Hold 'CLOCK_50'
Slack : -0.250
TNS   : -2.653

Type  : Slow 1200mV 85C Model Minimum Pulse Width 'CLOCK_50'
Slack : -3.000
TNS   : -65.965

Type  : Slow 1200mV 85C Model Minimum Pulse Width 'debouncer:dbk3|PB_state'
Slack : -2.693
TNS   : -57.524

Type  : Slow 1200mV 85C Model Minimum Pulse Width 'fsm:clockGenerator|f0'
Slack : -2.693
TNS   : -20.806

Type  : Slow 1200mV 85C Model Minimum Pulse Width 'fsm:clockGenerator|f3'
Slack : -2.693
TNS   : -16.158

Type  : Slow 1200mV 0C Model Setup 'debouncer:dbk3|PB_state'
Slack : -8.280
TNS   : -117.488

Type  : Slow 1200mV 0C Model Setup 'CLOCK_50'
Slack : -1.766
TNS   : -51.733

Type  : Slow 1200mV 0C Model Setup 'fsm:clockGenerator|f3'
Slack : -0.335
TNS   : -0.434

Type  : Slow 1200mV 0C Model Hold 'debouncer:dbk3|PB_state'
Slack : -1.140
TNS   : -6.437

Type  : Slow 1200mV 0C Model Hold 'fsm:clockGenerator|f3'
Slack : -1.118
TNS   : -6.357

Type  : Slow 1200mV 0C Model Hold 'CLOCK_50'
Slack : -0.156
TNS   : -1.776

Type  : Slow 1200mV 0C Model Minimum Pulse Width 'CLOCK_50'
Slack : -3.000
TNS   : -65.965

Type  : Slow 1200mV 0C Model Minimum Pulse Width 'debouncer:dbk3|PB_state'
Slack : -2.649
TNS   : -57.172

Type  : Slow 1200mV 0C Model Minimum Pulse Width 'fsm:clockGenerator|f0'
Slack : -2.649
TNS   : -20.718

Type  : Slow 1200mV 0C Model Minimum Pulse Width 'fsm:clockGenerator|f3'
Slack : -2.649
TNS   : -15.894

Type  : Fast 1200mV 0C Model Setup 'debouncer:dbk3|PB_state'
Slack : -3.830
TNS   : -53.117

Type  : Fast 1200mV 0C Model Setup 'CLOCK_50'
Slack : -0.519
TNS   : -8.966

Type  : Fast 1200mV 0C Model Setup 'fsm:clockGenerator|f3'
Slack : 0.021
TNS   : 0.000

Type  : Fast 1200mV 0C Model Hold 'fsm:clockGenerator|f3'
Slack : -0.774
TNS   : -4.455

Type  : Fast 1200mV 0C Model Hold 'debouncer:dbk3|PB_state'
Slack : -0.491
TNS   : -2.694

Type  : Fast 1200mV 0C Model Hold 'CLOCK_50'
Slack : -0.331
TNS   : -5.011

Type  : Fast 1200mV 0C Model Minimum Pulse Width 'CLOCK_50'
Slack : -3.000
TNS   : -55.394

Type  : Fast 1200mV 0C Model Minimum Pulse Width 'debouncer:dbk3|PB_state'
Slack : -1.000
TNS   : -36.000

Type  : Fast 1200mV 0C Model Minimum Pulse Width 'fsm:clockGenerator|f0'
Slack : -1.000
TNS   : -14.000

Type  : Fast 1200mV 0C Model Minimum Pulse Width 'fsm:clockGenerator|f3'
Slack : -1.000
TNS   : -6.000

------------------------------------------------------------
