------------------------------------------------------------
TimeQuest Timing Analyzer Summary
------------------------------------------------------------

Type  : Slow 1200mV 85C Model Setup 'control_unit:ctl_unit|state'
Slack : -12.874
TNS   : -2902.542

Type  : Slow 1200mV 85C Model Setup 'clk'
Slack : -11.471
TNS   : -154.058

Type  : Slow 1200mV 85C Model Hold 'control_unit:ctl_unit|state'
Slack : -0.222
TNS   : -0.434

Type  : Slow 1200mV 85C Model Hold 'clk'
Slack : 0.046
TNS   : 0.000

Type  : Slow 1200mV 85C Model Minimum Pulse Width 'clk'
Slack : -3.000
TNS   : -24.845

Type  : Slow 1200mV 85C Model Minimum Pulse Width 'control_unit:ctl_unit|state'
Slack : -1.285
TNS   : -370.080

Type  : Slow 1200mV 0C Model Setup 'control_unit:ctl_unit|state'
Slack : -11.892
TNS   : -2674.568

Type  : Slow 1200mV 0C Model Setup 'clk'
Slack : -10.546
TNS   : -141.091

Type  : Slow 1200mV 0C Model Hold 'control_unit:ctl_unit|state'
Slack : -0.094
TNS   : -0.175

Type  : Slow 1200mV 0C Model Hold 'clk'
Slack : 0.112
TNS   : 0.000

Type  : Slow 1200mV 0C Model Minimum Pulse Width 'clk'
Slack : -3.000
TNS   : -24.845

Type  : Slow 1200mV 0C Model Minimum Pulse Width 'control_unit:ctl_unit|state'
Slack : -1.285
TNS   : -370.080

Type  : Fast 1200mV 0C Model Setup 'control_unit:ctl_unit|state'
Slack : -6.148
TNS   : -1333.671

Type  : Fast 1200mV 0C Model Setup 'clk'
Slack : -5.327
TNS   : -69.045

Type  : Fast 1200mV 0C Model Hold 'control_unit:ctl_unit|state'
Slack : -0.320
TNS   : -2.742

Type  : Fast 1200mV 0C Model Hold 'clk'
Slack : -0.234
TNS   : -0.448

Type  : Fast 1200mV 0C Model Minimum Pulse Width 'clk'
Slack : -3.000
TNS   : -21.045

Type  : Fast 1200mV 0C Model Minimum Pulse Width 'control_unit:ctl_unit|state'
Slack : -1.000
TNS   : -288.000

------------------------------------------------------------
