------------------------------------------------------------
TimeQuest Timing Analyzer Summary
------------------------------------------------------------

Type  : Slow 1200mV 85C Model Setup 'CLOCK_50'
Slack : -3.570
TNS   : -46.774

Type  : Slow 1200mV 85C Model Hold 'CLOCK_50'
Slack : -0.204
TNS   : -0.329

Type  : Slow 1200mV 85C Model Minimum Pulse Width 'CLOCK_50'
Slack : -3.000
TNS   : -38.980

Type  : Slow 1200mV 85C Model Minimum Pulse Width 'clk[25]~_Duplicate_1'
Slack : -1.285
TNS   : -8.995

Type  : Slow 1200mV 0C Model Setup 'CLOCK_50'
Slack : -3.116
TNS   : -39.189

Type  : Slow 1200mV 0C Model Hold 'CLOCK_50'
Slack : -0.116
TNS   : -0.202

Type  : Slow 1200mV 0C Model Minimum Pulse Width 'CLOCK_50'
Slack : -3.000
TNS   : -38.980

Type  : Slow 1200mV 0C Model Minimum Pulse Width 'clk[25]~_Duplicate_1'
Slack : -1.285
TNS   : -8.995

Type  : Fast 1200mV 0C Model Setup 'CLOCK_50'
Slack : -1.263
TNS   : -9.635

Type  : Fast 1200mV 0C Model Hold 'CLOCK_50'
Slack : -0.225
TNS   : -0.440

Type  : Fast 1200mV 0C Model Minimum Pulse Width 'CLOCK_50'
Slack : -3.000
TNS   : -39.192

Type  : Fast 1200mV 0C Model Minimum Pulse Width 'clk[25]~_Duplicate_1'
Slack : -1.000
TNS   : -7.000

------------------------------------------------------------
