------------------------------------------------------------
TimeQuest Timing Analyzer Summary
------------------------------------------------------------

Type  : Slow 1200mV 85C Model Setup 'CLOCK_50'
Slack : -4.831
TNS   : -49.207

Type  : Slow 1200mV 85C Model Hold 'CLOCK_50'
Slack : 0.408
TNS   : 0.000

Type  : Slow 1200mV 85C Model Minimum Pulse Width 'CLOCK_50'
Slack : -3.000
TNS   : -38.980

Type  : Slow 1200mV 85C Model Minimum Pulse Width 'clk[25]~_Duplicate_1'
Slack : -1.285
TNS   : -3.855

Type  : Slow 1200mV 0C Model Setup 'CLOCK_50'
Slack : -4.297
TNS   : -41.467

Type  : Slow 1200mV 0C Model Hold 'CLOCK_50'
Slack : 0.365
TNS   : 0.000

Type  : Slow 1200mV 0C Model Minimum Pulse Width 'CLOCK_50'
Slack : -3.000
TNS   : -38.980

Type  : Slow 1200mV 0C Model Minimum Pulse Width 'clk[25]~_Duplicate_1'
Slack : -1.285
TNS   : -3.855

Type  : Fast 1200mV 0C Model Setup 'CLOCK_50'
Slack : -1.951
TNS   : -10.993

Type  : Fast 1200mV 0C Model Hold 'CLOCK_50'
Slack : 0.188
TNS   : 0.000

Type  : Fast 1200mV 0C Model Minimum Pulse Width 'CLOCK_50'
Slack : -3.000
TNS   : -39.218

Type  : Fast 1200mV 0C Model Minimum Pulse Width 'clk[25]~_Duplicate_1'
Slack : -1.000
TNS   : -3.000

------------------------------------------------------------
